---
source: src/tests/lexer.rs
expression: res.unwrap_err()
input_file: src/tests/lexer_inputs/errors/unexpected_character.txt
---
Error {
    kind: SyntaxError,
    message: "Unexpected character",
    filename: None,
    span: Some(
         @ 1:3-1:3 (3..3),
    ),
    source: None,
    labels: [],
}
