---
source: src/parser/tests/parser2.rs
assertion_line: 8
expression: "&expr_node"
input_file: src/parser/tests/parser_inputs/success/expressions.txt

---
1
