---
source: src/parser/tests/parser2.rs
expression: "&expr_nodes"
input_file: src/parser/tests/parser_inputs/success/idents.txt
---
[
    hello,
    hello_,
    hello_1,
    HELLO,
    _1,
    hey.ho,
    h,
    ho,
    hey.ho.hu,
    h.u,
    hey.ho.hu,
    hey[0],
    hey[a[0]],
    hey['ho']['hu'],
    hey['ho']['hu']['hi'],
    h['u'].x[0],
    h['u'].x[0].ah,
]
